slurmstepd: info: Setting TMPDIR to /scratch/201558. Previous errors about TMPDIR can be discarded
gadget/2.3.5 loaded
> #devtools::install_github('hafro/rgadget')
> library(Rgadget)
Loading required package: tidyverse
── Attaching packages ─────────────────────────────────────── tidyverse 1.3.0 ──
✔ ggplot2 3.3.6     ✔ purrr   0.3.4
✔ tibble  3.1.7     ✔ dplyr   1.0.9
✔ tidyr   1.2.0     ✔ stringr 1.4.0
✔ readr   2.1.2     ✔ forcats 0.5.1
── Conflicts ────────────────────────────────────────── tidyverse_conflicts() ──
✖ dplyr::filter() masks stats::filter()
✖ dplyr::lag()    masks stats::lag()
> tmp<-callGadget(s=1,main='main',i='params.in',o='lik.out',ignore.stderr=FALSE, log='tmp')
Warning in area - temperature data doesnt span time range
Warning in surveyindex - differing timesteps for pelagonumber.survey
Warning in surveyindex - differing timesteps for ecocadiz.survey
Warning in keeper - failed to match switch constant
Warning in keeper - failed to match switch l50
Warning in keeper - failed to match switch constantecorec
Warning in keeper - failed to match switch l50ecorec
Warning in keeper - failed to match switch constantarsa
Warning in keeper - failed to match switch l50arsa
Warning in growth calculation - length greater than length infinity
> lik <- read.gadget.likelihood('likelihood')
Warning messages:
1: In if (class(tmp) != "list") { :
  la condición tiene longitud > 1 y sólo el primer elemento será usado
2: In if (class(tmp) != "list") { :
  la condición tiene longitud > 1 y sólo el primer elemento será usado
3: In if (class(tmp) != "list") { :
  la condición tiene longitud > 1 y sólo el primer elemento será usado
4: In if (class(tmp) != "list") { :
  la condición tiene longitud > 1 y sólo el primer elemento será usado
5: In if (class(tmp) != "list") { :
  la condición tiene longitud > 1 y sólo el primer elemento será usado
6: In if (class(tmp) != "list") { :
  la condición tiene longitud > 1 y sólo el primer elemento será usado
7: In if (class(tmp) != "list") { :
  la condición tiene longitud > 1 y sólo el primer elemento será usado
8: In if (class(tmp) != "list") { :
  la condición tiene longitud > 1 y sólo el primer elemento será usado
9: In if (class(tmp) != "list") { :
  la condición tiene longitud > 1 y sólo el primer elemento será usado
10: In if (class(tmp) != "list") { :
  la condición tiene longitud > 1 y sólo el primer elemento será usado
> tmp<-gadget.iterative(params.file = 'params.in',
+                       optinfofile = 'optfile',
+                       wgts = 'WGTS',
+                       rew.sI=TRUE,
+                       cv.floor=0.05,
+                       grouping = list(sind=lik$surveyindices$name, seine = c('ldist.seine','ldist.alkseine')))
[1] "Running ldist.seine.ldist.alkseine"
[1] "Running pelagonumber.survey.ecocadiz.survey"
[1] "Running aldist.ecocadiz"
[1] "Running aldist.pelago"
[1] "Running ldist.ecocadiz.noage"
[1] "Running ldist.pelago.noage"
[1] "Comp ldist.seine.ldist.alkseine completed"
[1] "Comp aldist.pelago completed"
[1] "Comp aldist.ecocadiz completed"
[1] "Comp ldist.ecocadiz.noage completed"
[1] "Comp ldist.pelago.noage completed"
[1] "Comp pelagonumber.survey.ecocadiz.survey completed"
Joining by: comp
[1] "Running nodf"
[1] "Running final"
[1] "Comp nodf completed"
[1] "Comp final completed"
Warning messages:
1: In if (class(tmp) != "list") { :
  la condición tiene longitud > 1 y sólo el primer elemento será usado
2: In if (class(tmp) != "list") { :
  la condición tiene longitud > 1 y sólo el primer elemento será usado
3: In if (class(tmp) != "list") { :
  la condición tiene longitud > 1 y sólo el primer elemento será usado
4: In if (class(tmp) != "list") { :
  la condición tiene longitud > 1 y sólo el primer elemento será usado
5: In if (class(tmp) != "list") { :
  la condición tiene longitud > 1 y sólo el primer elemento será usado
6: In if (class(tmp) != "list") { :
  la condición tiene longitud > 1 y sólo el primer elemento será usado
7: In if (class(tmp) != "list") { :
  la condición tiene longitud > 1 y sólo el primer elemento será usado
8: In if (class(tmp) != "list") { :
  la condición tiene longitud > 1 y sólo el primer elemento será usado
9: In if (class(tmp) != "list") { :
  la condición tiene longitud > 1 y sólo el primer elemento será usado
10: In if (class(tmp) != "list") { :
  la condición tiene longitud > 1 y sólo el primer elemento será usado
> fit<-gadget.fit(wgts = "WGTS", printfile.printatstart = 0, printfile.steps = 2)
Joining, by = c("stock", "year", "step", "length")
Joining, by = c("stock", "year", "area")
There were 46 warnings (use warnings() to see them)
> #fit<-gadget.fit(wgts = "WGTS")
> st <- Rgadget:::read.gadget.stockfiles('Modelfiles/anch')
Warning messages:
1: In if (class(dat) == "list") gad.tab <- plyr::ldply(dat, merge.formula) else { :
  la condición tiene longitud > 1 y sólo el primer elemento será usado
2: In FUN(X[[i]], ...) :
  incomplete final line found on 'Initfiles/anch.rec'
> params <- read.gadget.parameters('WGTS/params.final')
> rec <- Rgadget:::get.gadget.recruitment(st,params,collapse=FALSE)
> SS<-read.gadget.lik.out('WGTS/lik.final')
> lik <- read.gadget.likelihood('likelihood')
Warning messages:
1: In if (class(tmp) != "list") { :
  la condición tiene longitud > 1 y sólo el primer elemento será usado
2: In if (class(tmp) != "list") { :
  la condición tiene longitud > 1 y sólo el primer elemento será usado
3: In if (class(tmp) != "list") { :
  la condición tiene longitud > 1 y sólo el primer elemento será usado
4: In if (class(tmp) != "list") { :
  la condición tiene longitud > 1 y sólo el primer elemento será usado
5: In if (class(tmp) != "list") { :
  la condición tiene longitud > 1 y sólo el primer elemento será usado
6: In if (class(tmp) != "list") { :
  la condición tiene longitud > 1 y sólo el primer elemento será usado
7: In if (class(tmp) != "list") { :
  la condición tiene longitud > 1 y sólo el primer elemento será usado
8: In if (class(tmp) != "list") { :
  la condición tiene longitud > 1 y sólo el primer elemento será usado
9: In if (class(tmp) != "list") { :
  la condición tiene longitud > 1 y sólo el primer elemento será usado
10: In if (class(tmp) != "list") { :
  la condición tiene longitud > 1 y sólo el primer elemento será usado
> lik.data<-read.gadget.data(lik)
> save(params,rec,st,lik.data,SS,file="Output.Rdata")
> source("gadget_fit4_2step_2019.r")
`summarise()` has grouped output by 'year', 'step', 'prey'. You can override
using the `.groups` argument.
`summarise()` has grouped output by 'stock', 'year'. You can override using the
`.groups` argument.
Joining, by = c("stock", "year", "step", "length")
`summarise()` has grouped output by 'stock', 'year'. You can override using the
`.groups` argument.
Joining, by = c("stock", "year", "area")
Warning messages:
1: In if (class(dat) == "list") gad.tab <- plyr::ldply(dat, merge.formula) else { :
  la condición tiene longitud > 1 y sólo el primer elemento será usado
2: In FUN(X[[i]], ...) :
  incomplete final line found on 'Initfiles/anch.rec'
> 
> #Pasar al repositorio gadget-recovery correr en el cesga en el folder correspondiente#############################################################################33
> library(icesTAF)
> library(stringr)
> 
> path_results<-"/mnt/netapp2/Home_FT2/home/csic/epc/mrh/recovery-results-2020/"
> #path_results<-"/run/user/1000/gvfs/sftp:host=ft3.cesga.es,user= csepcmrh/mnt/netapp2/Home_FT2/home/csic/epc/mrh/Gadget_2022/recovery-results-2020"
> #sftp://csepcmrh@ft3.cesga.es/home/csic/epc/mrh/Gadget_2022
> mkdir(paste(path_results,str_extract(getwd(),"\\w+$"),sep=""))
> file2<-c("Output.Rdata","resbyyear.Rdata", "optfile","params.in")
> path_run<-getwd()
> file.copy(paste(path_run,"/WGTS/WGTS.Rdata",sep=""),paste(path_results,str_extract(getwd(),"\\w+$"),sep=""))
[1] TRUE
> file.copy(paste(path_run,"/",file2[1],sep=""),paste(path_results,str_extract(getwd(),"\\w+$"),sep=""))
[1] TRUE
> file.copy(paste(path_run,"/",file2[2],sep=""),paste(path_results,str_extract(getwd(),"\\w+$"),sep=""))
[1] TRUE
> file.copy(paste(path_run,"/",file2[3],sep=""),paste(path_results,str_extract(getwd(),"\\w+$"),sep=""))
[1] TRUE
> file.copy(paste(path_run,"/",file2[4],sep=""),paste(path_results,str_extract(getwd(),"\\w+$"),sep=""))
[1] TRUE
> 
> 
> 
> 
> 
> 
> 
> 
> 
> 
> 
> 
> 
> 
> 
> 
> 
> 
> 
> 
> #fit<-gadget.fit(wgts = "WGTS_end", printfile.printatstart = 0, printfile.steps = 2)
> 
> 
> #setwd("WGTS")
> #F12<-data.frame(stock="anch",age.min=1,age.max=2)
> #F1<-data.frame(stock="anch",age.min=1,age.max=1)
> #F2<-data.frame(stock="anch",age.min=2,age.max=2)
> #Files2copy<-list.files()
> #list.files<-Files2copy[1:(length(Files2copy)-1)]
> 
> #dir.create("../WGTS1")
> #dir.create("../WGTS2")
> #dir.create("../WGTS12")
> #dir.create("../WGTSseine")
> #dir.create("../WGTSpelago")
> #dir.create("../WGTSecocadiz")
> 
> #HIce WGTS1 a mano en el 44porque necesita casi todos los archivos
> #file.copy(from=list.files, to = "../WGTS1")
> #file.copy(from=list.files, to = "../WGTS2")
> # file.copy(from=list.files, to = "../WGTS12")
> # file.copy(from=list.files, to = "../WGTSseine")
> # file.copy(from=list.files, to = "../WGTSpelago")
> # file.copy(from=list.files, to = "../WGTSecocadiz")
> 
> #setwd("..")
> #fit1 <- gadget.fit(wgts = 'WGTS1', 
>                   # f.age.range=F1)
> 
> #fit2 <- gadget.fit(wgts = 'WGTS2', 
>                   # f.age.range=F2)
> #F12<-data.frame(stock="anch",age.min=1,age.max=2)
> #fit12 <- gadget.fit(wgts = 'WGTS12', 
>                     #f.age.range=F12)
> 
> 
> 
> 
> 
> #retro<-gadget.retro(mainfile = 'WGTS/main.final', iterative=TRUE)
> 
